// Jest Snapshot v1, https://goo.gl/fbAQLP

exports[`it will see 1`] = `ShallowWrapper {}`;
